Microchip MPLAB XC8 Compiler V2.30

Linker command line:

-W-3 --edf=C:\Program Files\Microchip\xc8\v2.30\pic\dat\en_msgs.txt -cn \
  -h+dist/PIC16F688/production\Menu_prototype.X.production.sym \
  --cmf=dist/PIC16F688/production\Menu_prototype.X.production.cmf -z \
  -Q16F688 -oC:\Users\ILLYAB~1\AppData\Local\Temp\sclcx2 \
  --defsym=__MPLAB_BUILD=1 \
  -Mdist/PIC16F688/production/Menu_prototype.X.production.map -E1 \
  -ver=XC8 Compiler --acfsm=1493 -ASTACK=0120h-016Fh -pstack=STACK \
  -ACODE=00h-07FFhx2 -ASTRCODE=00h-0FFFh -ASTRING=00h-0FFhx16 \
  -ACONST=00h-0FFhx16 -AENTRY=00h-0FFhx16 -ACOMMON=070h-07Fh \
  -ABANK0=020h-06Fh -ABANK1=0A0h-0EFh -ABANK2=0120h-016Fh \
  -ARAM=020h-06Fh,0A0h-0EFh,0120h-016Fh \
  -AABS1=020h-07Fh,0A0h-0EFh,0120h-016Fh -ASFR0=00h-01Fh -ASFR1=080h-09Fh \
  -ASFR2=0100h-011Fh -ASFR3=0180h-01EFh -ACONFIG=02007h-02007h -DCONFIG=2 \
  -AIDLOC=02000h-02003h -DIDLOC=2 -AEEDATA=00h-0FFh/02100h \
  -peeprom_data=EEDATA -DEEDATA=2 -DCODE=2 -DSTRCODE=2 -DSTRING=2 -DCONST=2 \
  -DENTRY=2 -preset_vec=00h,intentry=04h,init,end_init -ppowerup=CODE \
  -pcinit=CODE -pfunctab=ENTRY -k \
  C:\Users\ILLYAB~1\AppData\Local\Temp\sclcxg.o \
  dist/PIC16F688/production\Menu_prototype.X.production.o 

Object code version is 3.11

Machine type is 16F688



                Name                               Link     Load   Length Selector   Space Scale
C:\Users\ILLYAB~1\AppData\Local\Temp\sclcxg.o
                end_init                              B        B        2        8       0
                reset_vec                             0        0        2        0       0
                config                             2007     2007        1        0       4
dist/PIC16F688/production\Menu_prototype.X.production.o
                cinit                                 D        D       1E        8       0
                intentry                              4        4        7        8       0
                config                             2007     2007        1        0       4
                text20                              7BF      7BF        7      C70       0
                text19                              7A3      7A3       10      C70       0
                text18                              70B      70B       22      C70       0
                text17                              6C2      6C2       25      C70       0
                text16                              74A      74A       1D      C70       0
                text15                              7B3      7B3        C      C70       0
                text14                              72D      72D       1D      C70       0
                text13                              638      638       36      C70       0
                text12                              77D      77D       15      C70       0
                text11                              66E      66E       2E      C70       0
                text10                              3DD      3DD       85        8       0
                text9                               4D5      4D5       47        8       0
                text8                               6E7      6E7       24      C70       0
                text7                               767      767       16      C70       0
                text6                               51C      51C       44        8       0
                text5                               5A3      5A3       3C        8       0
                text4                               15C      15C      11A        8       0
                text3                               462      462       73        8       0
                text2                               34B      34B       92        8       0
                text1                                2B       2B      131        8       0
                maintext                            276      276       D5        8       0
                cstackBANK0                          46       46       26       20       1
                cstackCOMMON                         70       70        C       70       1
                inittext                            792      792       11      C70       0
                dataBANK1                            A0       A0       43       A0       1
                dataBANK0                            20       20       26       20       1
                bssBANK0                             6C       6C        4       20       1
                strings                             600      600       38      C00       0
                idataBANK1                          560      560       43        8       0
                idataBANK0                          69C      69C       26      C70       0

TOTAL           Name                               Link     Load   Length     Space
        CLASS   STACK          

        CLASS   CODE           
                end_init                              B        B        2         0
                cinit                                 D        D       1E         0
                intentry                              4        4        7         0
                reset_vec                             0        0        2         0
                text20                              7BF      7BF        7         0
                text19                              7A3      7A3       10         0
                text18                              70B      70B       22         0
                text17                              6C2      6C2       25         0
                text16                              74A      74A       1D         0
                text15                              7B3      7B3        C         0
                text14                              72D      72D       1D         0
                text13                              638      638       36         0
                text12                              77D      77D       15         0
                text11                              66E      66E       2E         0
                text10                              3DD      3DD       85         0
                text9                               4D5      4D5       47         0
                text8                               6E7      6E7       24         0
                text7                               767      767       16         0
                text6                               51C      51C       44         0
                text5                               5A3      5A3       3C         0
                text4                               15C      15C      11A         0
                text3                               462      462       73         0
                text2                               34B      34B       92         0
                text1                                2B       2B      131         0
                maintext                            276      276       D5         0
                inittext                            792      792       11         0
                idataBANK1                          560      560       43         0
                idataBANK0                          69C      69C       26         0

        CLASS   STRCODE        

        CLASS   STRING         
                strings                             600      600       38         0

        CLASS   CONST          

        CLASS   ENTRY          

        CLASS   COMMON         
                cstackCOMMON                         70       70        C         1

        CLASS   BANK0          
                cstackBANK0                          46       46       26         1
                dataBANK0                            20       20       26         1
                bssBANK0                             6C       6C        4         1

        CLASS   BANK1          
                dataBANK1                            A0       A0       43         1

        CLASS   BANK2          

        CLASS   RAM            

        CLASS   ABS1           
                abs_s1                               7E       7E        2         1

        CLASS   SFR0           

        CLASS   SFR1           

        CLASS   SFR2           

        CLASS   SFR3           

        CLASS   CONFIG         
                config                             2007     2007        1         4

        CLASS   IDLOC          

        CLASS   EEDATA         

        CLASS   BANK3          



SEGMENTS        Name                           Load    Length   Top    Selector   Space  Class     Delta

                reset_vec                      000000  000002  000002         0       0  CODE        2
                intentry                       000004  0005DB  0005DF         8       0  CODE        2
                dataBANK0                      000020  000050  000070        20       1  BANK0       1
                cstackCOMMON                   000070  00000C  00007C        70       1  COMMON      1
                dataBANK1                      0000A0  000043  0000E3        A0       1  BANK1       1
                strings                        000600  000038  000638       C00       0  STRING      2
                text13                         000638  00018E  0007C6       C70       0  CODE        2


UNUSED ADDRESS RANGES

        Name                Unused          Largest block    Delta
        BANK1            00E3-00EF              D           1
        BANK2            0120-016F             50           1
        CODE             0002-0003              2           2
                         05DF-05FF             21
                         07C6-0FFF             3A
        COMMON           007C-007D              2           1
        CONST            0002-0003              2           2
                         05DF-05FF             21
                         07C6-0FFF            100
        EEDATA           2100-21FF            100           2
        ENTRY            0002-0003              2           2
                         05DF-05FF             21
                         07C6-0FFF            100
        IDLOC            2000-2003              4           2
        RAM              00E3-00EF              D           1
                         0120-016F             50
        SFR0             0000-001F             20           1
        SFR1             0080-009F             20           1
        SFR2             0100-011F             20           1
        SFR3             0180-01EF             70           1
        STACK            0120-016F             50           1
        STRCODE          0002-0003              2           2
                         05DF-05FF             21
                         07C6-0FFF            83A
        STRING           0002-0003              2           2
                         05DF-05FF             21
                         07C6-0FFF            100

                                  Symbol Table

?___lwdiv                       cstackCOMMON 0072
?___lwmod                       cstackBANK0  0046
?_sprintf                       cstackBANK0  004A
Draw_settings_display@ctr       cstackBANK0  0046
LCD_display_clear@i             cstackCOMMON 0079
LCD_display_ctrl@blink          cstackCOMMON 0075
LCD_display_ctrl@cursor         cstackCOMMON 0074
LCD_display_ctrl@display        cstackCOMMON 0077
LCD_display_ctrl@temp           cstackCOMMON 0078
LCD_send_string@i               cstackCOMMON 0079
LCD_send_string@string          cstackCOMMON 007A
LCD_set_cursor@column           cstackCOMMON 0074
LCD_set_cursor@row              cstackCOMMON 0077
LCD_set_cursor@temp             cstackCOMMON 0076
_ANSEL                          (abs)        0091
_CMCON0                         (abs)        0019
_Draw_main_display_p1           text13       0638
_Draw_main_display_p2           text11       066E
_Draw_settings_display          text10       03DD
_LCD_Init                       text9        04D5
_LCD_display_clear              text12       077D
_LCD_display_ctrl               text8        06E7
_LCD_send_string                text16       074A
_LCD_set_cursor                 text14       072D
_PORTA                          (abs)        0005
_PORTAbits                      (abs)        0005
_PORTC                          (abs)        0007
_RA2                            (abs)        002A
_RA5                            (abs)        002D
_RC0                            (abs)        0038
_RC1                            (abs)        0039
_RC2                            (abs)        003A
_RC3                            (abs)        003B
_RC4                            (abs)        003C
_RC5                            (abs)        003D
_T1CON                          (abs)        0010
_T1CONbits                      (abs)        0010
_TMR1H                          (abs)        000F
_TMR1IF                         (abs)        0060
_TMR1L                          (abs)        000E
_TMR1ON                         (abs)        0080
_TRISA                          (abs)        0085
_TRISC                          (abs)        0087
__Habs1                         abs1         0000
__Hbank0                        bank0        0000
__Hbank1                        bank1        0000
__Hbank2                        bank2        0000
__Hbank3                        bank3        0000
__HbssBANK0                     bssBANK0     0000
__Hcinit                        cinit        002B
__Hclrtext                      clrtext      0000
__Hcode                         code         0000
__Hcommon                       common       0000
__Hconfig                       config       2008
__HcstackBANK0                  cstackBANK0  0000
__HcstackCOMMON                 cstackCOMMON 0000
__HdataBANK0                    dataBANK0    0000
__HdataBANK1                    dataBANK1    0000
__Heeprom_data                  eeprom_data  0000
__Hend_init                     end_init     000D
__Hfunctab                      functab      0000
__HidataBANK0                   idataBANK0   0000
__HidataBANK1                   idataBANK1   0000
__Hinit                         init         000B
__Hinittext                     inittext     0000
__Hintentry                     intentry     000B
__Hmaintext                     maintext     0000
__Hpowerup                      powerup      0000
__Hram                          ram          0000
__Hreset_vec                    reset_vec    0002
__Hsfr0                         sfr0         0000
__Hsfr1                         sfr1         0000
__Hsfr2                         sfr2         0000
__Hsfr3                         sfr3         0000
__Hspace_0                      (abs)        07C6
__Hspace_1                      (abs)        00E3
__Hspace_2                      (abs)        0000
__Hspace_3                      (abs)        0000
__Hspace_4                      (abs)        400F
__Hstack                        stack        0000
__Hstrings                      strings      0000
__Htext                         text         0000
__Labs1                         abs1         0000
__Lbank0                        bank0        0000
__Lbank1                        bank1        0000
__Lbank2                        bank2        0000
__Lbank3                        bank3        0000
__LbssBANK0                     bssBANK0     0000
__Lcinit                        cinit        000D
__Lclrtext                      clrtext      0000
__Lcode                         code         0000
__Lcommon                       common       0000
__Lconfig                       config       0000
__LcstackBANK0                  cstackBANK0  0000
__LcstackCOMMON                 cstackCOMMON 0000
__LdataBANK0                    dataBANK0    0000
__LdataBANK1                    dataBANK1    0000
__Leeprom_data                  eeprom_data  0000
__Lend_init                     end_init     000B
__Lfunctab                      functab      0000
__LidataBANK0                   idataBANK0   0000
__LidataBANK1                   idataBANK1   0000
__Linit                         init         000B
__Linittext                     inittext     0000
__Lintentry                     intentry     0004
__Lmaintext                     maintext     0000
__Lpowerup                      powerup      0000
__Lram                          ram          0000
__Lreset_vec                    reset_vec    0000
__Lsfr0                         sfr0         0000
__Lsfr1                         sfr1         0000
__Lsfr2                         sfr2         0000
__Lsfr3                         sfr3         0000
__Lspace_0                      (abs)        0000
__Lspace_1                      (abs)        0000
__Lspace_2                      (abs)        0000
__Lspace_3                      (abs)        0000
__Lspace_4                      (abs)        0000
__Lstack                        stack        0000
__Lstrings                      strings      0000
__Ltext                         text         0000
__S0                            (abs)        07C6
__S1                            (abs)        00E3
__S2                            (abs)        0000
__S3                            (abs)        0000
___int_sp                       stack        0000
___latbits                      (abs)        0001
___lcd_cmd                      text15       07B3
___lcd_cmd@cmd                  cstackCOMMON 0073
___lcd_en_pulse                 text19       07A3
___lcd_port_write               text18       070B
___lcd_port_write@data          cstackCOMMON 0072
___lcd_send_char                text17       06C2
___lcd_send_char@ascii          cstackCOMMON 0077
___lcd_send_char@high           cstackCOMMON 0075
___lcd_send_char@low            cstackCOMMON 0076
___lwdiv                        text6        051C
___lwdiv@counter                cstackCOMMON 0079
___lwdiv@dividend               cstackCOMMON 0074
___lwdiv@divisor                cstackCOMMON 0072
___lwdiv@quotient               cstackCOMMON 0077
___lwmod                        text5        05A3
___lwmod@counter                cstackCOMMON 007B
___lwmod@dividend               cstackBANK0  0048
___lwmod@divisor                cstackBANK0  0046
___sp                           stack        0000
___stackhi                      (abs)        0000
___stacklo                      (abs)        0000
__end_of_Draw_main_display_p1   text13       066E
__end_of_Draw_main_display_p2   text11       069C
__end_of_Draw_settings_display  text10       0462
__end_of_LCD_Init               text9        051C
__end_of_LCD_display_clear      text12       0792
__end_of_LCD_display_ctrl       text8        070B
__end_of_LCD_send_string        text16       0767
__end_of_LCD_set_cursor         text14       074A
__end_of___lcd_cmd              text15       07BF
__end_of___lcd_en_pulse         text19       07B3
__end_of___lcd_port_write       text18       072D
__end_of___lcd_send_char        text17       06E7
__end_of___lwdiv                text6        0560
__end_of___lwmod                text5        05DF
__end_of__initialization        cinit        0028
__end_of__stringtab             strings      0610
__end_of_dpowers                strings      061A
__end_of_isr                    text20       07C6
__end_of_main                   maintext     034B
__end_of_set_date               text7        077D
__end_of_set_humi               text3        04D5
__end_of_set_temp               text2        03DD
__end_of_set_time               text1        015C
__end_of_sprintf                text4        0276
__initialization                cinit        000D
__pbssBANK0                     bssBANK0     006C
__pcstackBANK0                  cstackBANK0  0046
__pcstackCOMMON                 cstackCOMMON 0070
__pdataBANK0                    dataBANK0    0020
__pdataBANK1                    dataBANK1    00A0
__pidataBANK0                   idataBANK0   069C
__pidataBANK1                   idataBANK1   0560
__pintentry                     intentry     0004
__pmaintext                     maintext     0276
__pstrings                      strings      0600
__ptext1                        text1        002B
__ptext10                       text10       03DD
__ptext11                       text11       066E
__ptext12                       text12       077D
__ptext13                       text13       0638
__ptext14                       text14       072D
__ptext15                       text15       07B3
__ptext16                       text16       074A
__ptext17                       text17       06C2
__ptext18                       text18       070B
__ptext19                       text19       07A3
__ptext2                        text2        034B
__ptext20                       text20       07BF
__ptext3                        text3        0462
__ptext4                        text4        015C
__ptext5                        text5        05A3
__ptext6                        text6        051C
__ptext7                        text7        0767
__ptext8                        text8        06E7
__ptext9                        text9        04D5
__size_of_Draw_main_display_p1  (abs)        0000
__size_of_Draw_main_display_p2  (abs)        0000
__size_of_Draw_settings_display (abs)        0000
__size_of_LCD_Init              (abs)        0000
__size_of_LCD_display_clear     (abs)        0000
__size_of_LCD_display_ctrl      (abs)        0000
__size_of_LCD_send_string       (abs)        0000
__size_of_LCD_set_cursor        (abs)        0000
__size_of___lcd_cmd             (abs)        0000
__size_of___lcd_en_pulse        (abs)        0000
__size_of___lcd_port_write      (abs)        0000
__size_of___lcd_send_char       (abs)        0000
__size_of___lwdiv               (abs)        0000
__size_of___lwmod               (abs)        0000
__size_of_isr                   (abs)        0000
__size_of_main                  (abs)        0000
__size_of_set_date              (abs)        0000
__size_of_set_humi              (abs)        0000
__size_of_set_temp              (abs)        0000
__size_of_set_time              (abs)        0000
__size_of_sprintf               (abs)        0000
__stringbase                    strings      060F
__stringtab                     strings      0600
_counter                        bssBANK0     006C
_current_humi                   dataBANK0    0042
_current_temp                   dataBANK1    00CF
_date                           dataBANK1    00BD
_dpowers                        strings      0610
_humi_integer                   dataBANK0    0021
_isr                            text20       07BF
_l_date                         dataBANK1    00DE
_l_humi                         dataBANK1    00D4
_l_temp                         dataBANK1    00D9
_l_time                         dataBANK0    002F
_main                           maintext     0276
_s_currentCLK                   bssBANK0     006E
_s_date                         dataBANK0    0034
_s_end                          dataBANK1    00A0
_s_humi                         dataBANK1    00C6
_s_lastCLK                      bssBANK0     006D
_s_temp                         dataBANK1    00B1
_s_time                         dataBANK0    0039
_set_date                       text7        0767
_set_humi                       text3        0462
_set_temp                       text2        034B
_set_time                       text1        002B
_set_time$182                   cstackBANK0  0064
_set_time$183                   cstackBANK0  0065
_set_time$191                   cstackBANK0  0066
_set_time$192                   cstackBANK0  0067
_sprintf                        text4        015C
_temp_decimal                   dataBANK0    0022
_temp_integer                   dataBANK0    0023
_time                           dataBANK0    0024
_time_hours                     dataBANK0    0020
_time_minutes                   bssBANK0     006F
_update_humi                    dataBANK0    003E
_update_temp                    dataBANK0    002A
btemp                           (abs)        007E
end_of_initialization           cinit        0028
init_fetch0                     inittext     0792
init_ram0                       inittext     0796
interrupt_function              intentry     0004
intlevel0                       functab      0000
intlevel1                       functab      0000
intlevel2                       functab      0000
intlevel3                       functab      0000
intlevel4                       functab      0000
intlevel5                       functab      0000
main@currentCLK                 cstackBANK0  006B
main@lastCLK                    cstackBANK0  006A
reset_vec                       reset_vec    0000
saved_w                         (abs)        007E
sprintf@ap                      cstackBANK0  0058
sprintf@c                       cstackBANK0  005E
sprintf@cp                      cstackBANK0  0059
sprintf@f                       cstackBANK0  004A
sprintf@flag                    cstackBANK0  0056
sprintf@prec                    cstackBANK0  0057
sprintf@sp                      cstackBANK0  005D
sprintf@val                     cstackBANK0  005B
start                           init         000B
start_initialization            cinit        000D
wtemp0                          (abs)        007E


FUNCTION INFORMATION:

 *************** function _main *****************
 Defined at:
		line 488 in file "main.c"
 Parameters:    Size  Location     Type
		None
 Auto vars:     Size  Location     Type
  currentCLK      1   37[BANK0 ] unsigned char 
  lastCLK         1   36[BANK0 ] unsigned char 
 Return value:  Size  Location     Type
                  1    wreg      void 
 Registers used:
		wreg, fsr0l, fsr0h, status,2, status,0, btemp+1, pclath, cstack
 Tracked objects:
		On entry : 
		On exit  : 
		Unchanged: 
 Data sizes:     COMMON   BANK0   BANK1   BANK2
      Params:         0       0       0       0
      Locals:         0       2       0       0
      Temps:          0       2       0       0
      Totals:         0       4       0       0
Total ram usage:        4 bytes
 Hardware stack levels required when called:    6
 This function calls:
		_Draw_main_display_p1
		_Draw_main_display_p2
		_Draw_settings_display
		_LCD_Init
		_LCD_display_clear
		_LCD_display_ctrl
		_set_date
		_set_humi
		_set_temp
		_set_time
 This function is called by:
		Startup code after reset
 This function uses a non-reentrant model


 *************** function _set_time *****************
 Defined at:
		line 391 in file "main.c"
 Parameters:    Size  Location     Type
		None
 Auto vars:     Size  Location     Type
		None
 Return value:  Size  Location     Type
                  1    wreg      void 
 Registers used:
		wreg, fsr0l, fsr0h, status,2, status,0, btemp+1, pclath, cstack
 Tracked objects:
		On entry : 
		On exit  : 
		Unchanged: 
 Data sizes:     COMMON   BANK0   BANK1   BANK2
      Params:         0       0       0       0
      Locals:         0       4       0       0
      Temps:          0       5       0       0
      Totals:         0       9       0       0
Total ram usage:        9 bytes
 Hardware stack levels used:    1
 Hardware stack levels required when called:    5
 This function calls:
		_LCD_display_clear
		_LCD_send_string
		_LCD_set_cursor
		_sprintf
 This function is called by:
		_main
 This function uses a non-reentrant model


 *************** function _set_temp *****************
 Defined at:
		line 291 in file "main.c"
 Parameters:    Size  Location     Type
		None
 Auto vars:     Size  Location     Type
		None
 Return value:  Size  Location     Type
                  1    wreg      void 
 Registers used:
		wreg, fsr0l, fsr0h, status,2, status,0, btemp+1, pclath, cstack
 Tracked objects:
		On entry : 
		On exit  : 
		Unchanged: 
 Data sizes:     COMMON   BANK0   BANK1   BANK2
      Params:         0       0       0       0
      Locals:         0       0       0       0
      Temps:          0       5       0       0
      Totals:         0       5       0       0
Total ram usage:        5 bytes
 Hardware stack levels used:    1
 Hardware stack levels required when called:    5
 This function calls:
		_LCD_display_clear
		_LCD_send_string
		_LCD_set_cursor
		_sprintf
 This function is called by:
		_main
 This function uses a non-reentrant model


 *************** function _set_humi *****************
 Defined at:
		line 346 in file "main.c"
 Parameters:    Size  Location     Type
		None
 Auto vars:     Size  Location     Type
		None
 Return value:  Size  Location     Type
                  1    wreg      void 
 Registers used:
		wreg, fsr0l, fsr0h, status,2, status,0, btemp+1, pclath, cstack
 Tracked objects:
		On entry : 
		On exit  : 
		Unchanged: 
 Data sizes:     COMMON   BANK0   BANK1   BANK2
      Params:         0       0       0       0
      Locals:         0       0       0       0
      Temps:          0       3       0       0
      Totals:         0       3       0       0
Total ram usage:        3 bytes
 Hardware stack levels used:    1
 Hardware stack levels required when called:    5
 This function calls:
		_LCD_display_clear
		_LCD_send_string
		_LCD_set_cursor
		_sprintf
 This function is called by:
		_main
 This function uses a non-reentrant model


 *************** function _sprintf *****************
 Defined at:
		line 505 in file "C:\Program Files\Microchip\xc8\v2.30\pic\sources\c90\common\doprnt.c"
 Parameters:    Size  Location     Type
  sp              1    wreg     PTR unsigned char 
		 -> time(6), update_humi(4), update_temp(5), 
  f               1    4[BANK0 ] PTR const unsigned char 
		 -> STR_8(10), STR_3(10), STR_2(5), STR_1(6), 
 Auto vars:     Size  Location     Type
  sp              1   23[BANK0 ] PTR unsigned char 
		 -> time(6), update_humi(4), update_temp(5), 
  tmpval          4    0        struct .
  val             2   21[BANK0 ] unsigned int 
  cp              2   19[BANK0 ] PTR const unsigned char 
		 -> STR_13(7), ?_sprintf(2), STR_12(1), STR_11(2), 
		 -> STR_10(1), STR_9(2), STR_7(1), STR_6(2), 
		 -> STR_5(1), STR_4(2), 
  len             2    0        unsigned int 
  c               1   24[BANK0 ] unsigned char 
  ap              1   18[BANK0 ] PTR void [1]
		 -> ?_sprintf(2), 
  prec            1   17[BANK0 ] char 
  flag            1   16[BANK0 ] unsigned char 
 Return value:  Size  Location     Type
                  2    4[BANK0 ] int 
 Registers used:
		wreg, fsr0l, fsr0h, status,2, status,0, btemp+1, pclath, cstack
 Tracked objects:
		On entry : 
		On exit  : 
		Unchanged: 
 Data sizes:     COMMON   BANK0   BANK1   BANK2
      Params:         0       9       0       0
      Locals:         0       9       0       0
      Temps:          0       3       0       0
      Totals:         0      21       0       0
Total ram usage:       21 bytes
 Hardware stack levels used:    1
 Hardware stack levels required when called:    2
 This function calls:
		___lwdiv
		___lwmod
 This function is called by:
		_set_temp
		_set_humi
		_set_time
 This function uses a non-reentrant model


 *************** function ___lwmod *****************
 Defined at:
		line 5 in file "C:\Program Files\Microchip\xc8\v2.30\pic\sources\c90\common\lwmod.c"
 Parameters:    Size  Location     Type
  divisor         2    0[BANK0 ] unsigned int 
  dividend        2    2[BANK0 ] unsigned int 
 Auto vars:     Size  Location     Type
  counter         1   11[COMMON] unsigned char 
 Return value:  Size  Location     Type
                  2    0[BANK0 ] unsigned int 
 Registers used:
		wreg, status,2, status,0
 Tracked objects:
		On entry : 
		On exit  : 
		Unchanged: 
 Data sizes:     COMMON   BANK0   BANK1   BANK2
      Params:         0       4       0       0
      Locals:         1       0       0       0
      Temps:          1       0       0       0
      Totals:         2       4       0       0
Total ram usage:        6 bytes
 Hardware stack levels used:    1
 Hardware stack levels required when called:    1
 This function calls:
		Nothing
 This function is called by:
		_sprintf
 This function uses a non-reentrant model


 *************** function ___lwdiv *****************
 Defined at:
		line 5 in file "C:\Program Files\Microchip\xc8\v2.30\pic\sources\c90\common\lwdiv.c"
 Parameters:    Size  Location     Type
  divisor         2    2[COMMON] unsigned int 
  dividend        2    4[COMMON] unsigned int 
 Auto vars:     Size  Location     Type
  quotient        2    7[COMMON] unsigned int 
  counter         1    9[COMMON] unsigned char 
 Return value:  Size  Location     Type
                  2    2[COMMON] unsigned int 
 Registers used:
		wreg, status,2, status,0
 Tracked objects:
		On entry : 
		On exit  : 
		Unchanged: 
 Data sizes:     COMMON   BANK0   BANK1   BANK2
      Params:         4       0       0       0
      Locals:         3       0       0       0
      Temps:          1       0       0       0
      Totals:         8       0       0       0
Total ram usage:        8 bytes
 Hardware stack levels used:    1
 Hardware stack levels required when called:    1
 This function calls:
		Nothing
 This function is called by:
		_sprintf
 This function uses a non-reentrant model


 *************** function _set_date *****************
 Defined at:
		line 470 in file "main.c"
 Parameters:    Size  Location     Type
		None
 Auto vars:     Size  Location     Type
		None
 Return value:  Size  Location     Type
                  1    wreg      void 
 Registers used:
		wreg, status,2, status,0
 Tracked objects:
		On entry : 
		On exit  : 
		Unchanged: 
 Data sizes:     COMMON   BANK0   BANK1   BANK2
      Params:         0       0       0       0
      Locals:         0       0       0       0
      Temps:          1       0       0       0
      Totals:         1       0       0       0
Total ram usage:        1 bytes
 Hardware stack levels used:    1
 Hardware stack levels required when called:    1
 This function calls:
		Nothing
 This function is called by:
		_main
 This function uses a non-reentrant model


 *************** function _LCD_display_ctrl *****************
 Defined at:
		line 99 in file "main.c"
 Parameters:    Size  Location     Type
  display         1    wreg     unsigned char 
  cursor          1    4[COMMON] unsigned char 
  blink           1    5[COMMON] unsigned char 
 Auto vars:     Size  Location     Type
  display         1    7[COMMON] unsigned char 
  temp            1    8[COMMON] unsigned char 
 Return value:  Size  Location     Type
                  1    wreg      void 
 Registers used:
		wreg, status,2, status,0, pclath, cstack
 Tracked objects:
		On entry : 
		On exit  : 
		Unchanged: 
 Data sizes:     COMMON   BANK0   BANK1   BANK2
      Params:         2       0       0       0
      Locals:         2       0       0       0
      Temps:          1       0       0       0
      Totals:         5       0       0       0
Total ram usage:        5 bytes
 Hardware stack levels used:    1
 Hardware stack levels required when called:    3
 This function calls:
		___lcd_cmd
 This function is called by:
		_main
 This function uses a non-reentrant model


 *************** function _LCD_Init *****************
 Defined at:
		line 158 in file "main.c"
 Parameters:    Size  Location     Type
		None
 Auto vars:     Size  Location     Type
		None
 Return value:  Size  Location     Type
                  1    wreg      void 
 Registers used:
		wreg, status,2, status,0, pclath, cstack
 Tracked objects:
		On entry : 
		On exit  : 
		Unchanged: 
 Data sizes:     COMMON   BANK0   BANK1   BANK2
      Params:         0       0       0       0
      Locals:         0       0       0       0
      Temps:          2       0       0       0
      Totals:         2       0       0       0
Total ram usage:        2 bytes
 Hardware stack levels used:    1
 Hardware stack levels required when called:    3
 This function calls:
		___lcd_cmd
 This function is called by:
		_main
 This function uses a non-reentrant model


 *************** function _Draw_settings_display *****************
 Defined at:
		line 251 in file "main.c"
 Parameters:    Size  Location     Type
  ctr             2    0[BANK0 ] int 
 Auto vars:     Size  Location     Type
		None
 Return value:  Size  Location     Type
                  1    wreg      void 
 Registers used:
		wreg, fsr0l, fsr0h, status,2, status,0, pclath, cstack
 Tracked objects:
		On entry : 
		On exit  : 
		Unchanged: 
 Data sizes:     COMMON   BANK0   BANK1   BANK2
      Params:         0       2       0       0
      Locals:         0       0       0       0
      Temps:          0       0       0       0
      Totals:         0       2       0       0
Total ram usage:        2 bytes
 Hardware stack levels used:    1
 Hardware stack levels required when called:    5
 This function calls:
		_LCD_display_clear
		_LCD_send_string
		_LCD_set_cursor
		___lcd_send_char
 This function is called by:
		_main
 This function uses a non-reentrant model


 *************** function _Draw_main_display_p2 *****************
 Defined at:
		line 239 in file "main.c"
 Parameters:    Size  Location     Type
		None
 Auto vars:     Size  Location     Type
		None
 Return value:  Size  Location     Type
                  1    wreg      void 
 Registers used:
		wreg, fsr0l, fsr0h, status,2, status,0, pclath, cstack
 Tracked objects:
		On entry : 
		On exit  : 
		Unchanged: 
 Data sizes:     COMMON   BANK0   BANK1   BANK2
      Params:         0       0       0       0
      Locals:         0       0       0       0
      Temps:          1       0       0       0
      Totals:         1       0       0       0
Total ram usage:        1 bytes
 Hardware stack levels used:    1
 Hardware stack levels required when called:    5
 This function calls:
		_LCD_display_clear
		_LCD_send_string
		_LCD_set_cursor
 This function is called by:
		_main
 This function uses a non-reentrant model


 *************** function _LCD_display_clear *****************
 Defined at:
		line 149 in file "main.c"
 Parameters:    Size  Location     Type
		None
 Auto vars:     Size  Location     Type
  i               1    9[COMMON] unsigned char 
 Return value:  Size  Location     Type
                  1    wreg      void 
 Registers used:
		wreg, status,2, status,0, pclath, cstack
 Tracked objects:
		On entry : 
		On exit  : 
		Unchanged: 
 Data sizes:     COMMON   BANK0   BANK1   BANK2
      Params:         0       0       0       0
      Locals:         1       0       0       0
      Temps:          1       0       0       0
      Totals:         2       0       0       0
Total ram usage:        2 bytes
 Hardware stack levels used:    1
 Hardware stack levels required when called:    4
 This function calls:
		_LCD_set_cursor
		___lcd_send_char
 This function is called by:
		_Draw_main_display_p2
		_Draw_settings_display
		_set_temp
		_set_humi
		_set_time
		_main
 This function uses a non-reentrant model


 *************** function _Draw_main_display_p1 *****************
 Defined at:
		line 224 in file "main.c"
 Parameters:    Size  Location     Type
		None
 Auto vars:     Size  Location     Type
		None
 Return value:  Size  Location     Type
                  1    wreg      void 
 Registers used:
		wreg, fsr0l, fsr0h, status,2, status,0, pclath, cstack
 Tracked objects:
		On entry : 
		On exit  : 
		Unchanged: 
 Data sizes:     COMMON   BANK0   BANK1   BANK2
      Params:         0       0       0       0
      Locals:         0       0       0       0
      Temps:          1       0       0       0
      Totals:         1       0       0       0
Total ram usage:        1 bytes
 Hardware stack levels used:    1
 Hardware stack levels required when called:    4
 This function calls:
		_LCD_send_string
		_LCD_set_cursor
		___lcd_send_char
 This function is called by:
		_main
 This function uses a non-reentrant model


 *************** function _LCD_set_cursor *****************
 Defined at:
		line 136 in file "main.c"
 Parameters:    Size  Location     Type
  row             1    wreg     unsigned char 
  column          1    4[COMMON] unsigned char 
 Auto vars:     Size  Location     Type
  row             1    7[COMMON] unsigned char 
  temp            1    6[COMMON] unsigned char 
 Return value:  Size  Location     Type
                  1    wreg      void 
 Registers used:
		wreg, status,2, status,0, pclath, cstack
 Tracked objects:
		On entry : 
		On exit  : 
		Unchanged: 
 Data sizes:     COMMON   BANK0   BANK1   BANK2
      Params:         1       0       0       0
      Locals:         2       0       0       0
      Temps:          1       0       0       0
      Totals:         4       0       0       0
Total ram usage:        4 bytes
 Hardware stack levels used:    1
 Hardware stack levels required when called:    3
 This function calls:
		___lcd_cmd
 This function is called by:
		_LCD_display_clear
		_Draw_main_display_p1
		_Draw_main_display_p2
		_Draw_settings_display
		_set_temp
		_set_humi
		_set_time
 This function uses a non-reentrant model


 *************** function ___lcd_cmd *****************
 Defined at:
		line 70 in file "main.c"
 Parameters:    Size  Location     Type
  cmd             1    wreg     unsigned char 
 Auto vars:     Size  Location     Type
  cmd             1    3[COMMON] unsigned char 
 Return value:  Size  Location     Type
                  1    wreg      void 
 Registers used:
		wreg, status,2, status,0, pclath, cstack
 Tracked objects:
		On entry : 
		On exit  : 
		Unchanged: 
 Data sizes:     COMMON   BANK0   BANK1   BANK2
      Params:         0       0       0       0
      Locals:         1       0       0       0
      Temps:          0       0       0       0
      Totals:         1       0       0       0
Total ram usage:        1 bytes
 Hardware stack levels used:    1
 Hardware stack levels required when called:    2
 This function calls:
		___lcd_en_pulse
		___lcd_port_write
 This function is called by:
		_LCD_display_ctrl
		_LCD_set_cursor
		_LCD_Init
		___lcd_shift_display
 This function uses a non-reentrant model


 *************** function _LCD_send_string *****************
 Defined at:
		line 91 in file "main.c"
 Parameters:    Size  Location     Type
  string          1    wreg     PTR unsigned char 
		 -> s_end(17), s_humi(9), s_temp(12), s_date(5), 
		 -> s_time(5), date(9), l_date(5), time(6), 
		 -> l_time(5), update_humi(4), current_humi(4), l_humi(5), 
		 -> update_temp(5), current_temp(5), l_temp(5), 
 Auto vars:     Size  Location     Type
  string          1   10[COMMON] PTR unsigned char 
		 -> s_end(17), s_humi(9), s_temp(12), s_date(5), 
		 -> s_time(5), date(9), l_date(5), time(6), 
		 -> l_time(5), update_humi(4), current_humi(4), l_humi(5), 
		 -> update_temp(5), current_temp(5), l_temp(5), 
  i               1    9[COMMON] unsigned char 
 Return value:  Size  Location     Type
                  1    wreg      void 
 Registers used:
		wreg, fsr0l, fsr0h, status,2, status,0, pclath, cstack
 Tracked objects:
		On entry : 
		On exit  : 
		Unchanged: 
 Data sizes:     COMMON   BANK0   BANK1   BANK2
      Params:         0       0       0       0
      Locals:         2       0       0       0
      Temps:          1       0       0       0
      Totals:         3       0       0       0
Total ram usage:        3 bytes
 Hardware stack levels used:    1
 Hardware stack levels required when called:    3
 This function calls:
		___lcd_send_char
 This function is called by:
		_Draw_main_display_p1
		_Draw_main_display_p2
		_Draw_settings_display
		_set_temp
		_set_humi
		_set_time
 This function uses a non-reentrant model


 *************** function ___lcd_send_char *****************
 Defined at:
		line 77 in file "main.c"
 Parameters:    Size  Location     Type
  ascii           1    wreg     unsigned char 
 Auto vars:     Size  Location     Type
  ascii           1    7[COMMON] unsigned char 
  low             1    6[COMMON] unsigned char 
  high            1    5[COMMON] unsigned char 
 Return value:  Size  Location     Type
                  1    wreg      void 
 Registers used:
		wreg, status,2, status,0, pclath, cstack
 Tracked objects:
		On entry : 
		On exit  : 
		Unchanged: 
 Data sizes:     COMMON   BANK0   BANK1   BANK2
      Params:         0       0       0       0
      Locals:         3       0       0       0
      Temps:          2       0       0       0
      Totals:         5       0       0       0
Total ram usage:        5 bytes
 Hardware stack levels used:    1
 Hardware stack levels required when called:    2
 This function calls:
		___lcd_en_pulse
		___lcd_port_write
 This function is called by:
		_LCD_send_string
		_LCD_display_clear
		_Draw_main_display_p1
		_Draw_settings_display
 This function uses a non-reentrant model


 *************** function ___lcd_port_write *****************
 Defined at:
		line 48 in file "main.c"
 Parameters:    Size  Location     Type
  data            1    wreg     unsigned char 
 Auto vars:     Size  Location     Type
  data            1    2[COMMON] unsigned char 
 Return value:  Size  Location     Type
                  1    wreg      void 
 Registers used:
		wreg
 Tracked objects:
		On entry : 
		On exit  : 
		Unchanged: 
 Data sizes:     COMMON   BANK0   BANK1   BANK2
      Params:         0       0       0       0
      Locals:         1       0       0       0
      Temps:          0       0       0       0
      Totals:         1       0       0       0
Total ram usage:        1 bytes
 Hardware stack levels used:    1
 Hardware stack levels required when called:    1
 This function calls:
		Nothing
 This function is called by:
		___lcd_cmd
		___lcd_send_char
 This function uses a non-reentrant model


 *************** function ___lcd_en_pulse *****************
 Defined at:
		line 41 in file "main.c"
 Parameters:    Size  Location     Type
		None
 Auto vars:     Size  Location     Type
		None
 Return value:  Size  Location     Type
                  1    wreg      void 
 Registers used:
		wreg
 Tracked objects:
		On entry : 
		On exit  : 
		Unchanged: 
 Data sizes:     COMMON   BANK0   BANK1   BANK2
      Params:         0       0       0       0
      Locals:         0       0       0       0
      Temps:          1       0       0       0
      Totals:         1       0       0       0
Total ram usage:        1 bytes
 Hardware stack levels used:    1
 Hardware stack levels required when called:    1
 This function calls:
		Nothing
 This function is called by:
		___lcd_cmd
		___lcd_send_char
 This function uses a non-reentrant model


 *************** function _isr *****************
 Defined at:
		line 23 in file "interrupts.c"
 Parameters:    Size  Location     Type
		None
 Auto vars:     Size  Location     Type
		None
 Return value:  Size  Location     Type
                  1    wreg      void 
 Registers used:
		None
 Tracked objects:
		On entry : 
		On exit  : 
		Unchanged: 
 Data sizes:     COMMON   BANK0   BANK1   BANK2
      Params:         0       0       0       0
      Locals:         0       0       0       0
      Temps:          2       0       0       0
      Totals:         2       0       0       0
Total ram usage:        2 bytes
 Hardware stack levels used:    1
 This function calls:
		Nothing
 This function is called by:
		Interrupt level 1
 This function uses a non-reentrant model



MODULE INFORMATION

Module		Function		Class		Link	Load	Size
C:\Program Files\Microchip\xc8\v2.30\pic\sources\c90\common\lwmod.c
		___lwmod       		CODE           	05A3	0000	60

C:\Program Files\Microchip\xc8\v2.30\pic\sources\c90\common\lwmod.c estimated size: 60

interrupts.c
		_isr           		CODE           	07BF	0000	7

interrupts.c estimated size: 7

C:\Program Files\Microchip\xc8\v2.30\pic\sources\c90\common\lwdiv.c
		___lwdiv       		CODE           	051C	0000	68

C:\Program Files\Microchip\xc8\v2.30\pic\sources\c90\common\lwdiv.c estimated size: 68

C:\Program Files\Microchip\xc8\v2.30\pic\sources\c90\common\doprnt.c
		_sprintf       		CODE           	015C	0000	282

C:\Program Files\Microchip\xc8\v2.30\pic\sources\c90\common\doprnt.c estimated size: 282

shared
		__stringtab    		STRING         	0600	0000	16
		_dpowers       		STRING         	0610	0000	10
		__initialization		CODE           	000D	0000	27

shared estimated size: 53

main.c
		_set_date      		CODE           	0767	0000	22
		_LCD_display_ctrl		CODE           	06E7	0000	36
		_LCD_set_cursor		CODE           	072D	0000	29
		_LCD_Init      		CODE           	04D5	0000	71
		_LCD_display_clear		CODE           	077D	0000	21
		_LCD_send_string		CODE           	074A	0000	29
		___lcd_cmd     		CODE           	07B3	0000	12
		_main          		CODE           	0276	0000	213
		_set_temp      		CODE           	034B	0000	146
		___lcd_port_write		CODE           	070B	0000	34
		_Draw_settings_display		CODE           	03DD	0000	133
		_set_time      		CODE           	002B	0000	305
		_Draw_main_display_p1		CODE           	0638	0000	54
		_set_humi      		CODE           	0462	0000	115
		_Draw_main_display_p2		CODE           	066E	0000	46
		___lcd_send_char		CODE           	06C2	0000	37
		___lcd_en_pulse		CODE           	07A3	0000	16

main.c estimated size: 1319

