Microchip MPLAB XC8 Compiler V2.30

Linker command line:

-W-3 --edf=C:\Program Files\Microchip\xc8\v2.30\pic\dat\en_msgs.txt -cn \
  -h+dist/PIC16F688/production\Menu_prototype.X.production.sym \
  --cmf=dist/PIC16F688/production\Menu_prototype.X.production.cmf -z \
  -Q16F688 -oC:\Users\ILLYAB~1\AppData\Local\Temp\s7nkx2 \
  --defsym=__MPLAB_BUILD=1 \
  -Mdist/PIC16F688/production/Menu_prototype.X.production.map -E1 \
  -ver=XC8 Compiler --acfsm=1493 -ASTACK=0120h-016Fh -pstack=STACK \
  -ACODE=00h-07FFhx2 -ASTRCODE=00h-0FFFh -ASTRING=00h-0FFhx16 \
  -ACONST=00h-0FFhx16 -AENTRY=00h-0FFhx16 -ACOMMON=070h-07Fh \
  -ABANK0=020h-06Fh -ABANK1=0A0h-0EFh -ABANK2=0120h-016Fh \
  -ARAM=020h-06Fh,0A0h-0EFh,0120h-016Fh \
  -AABS1=020h-07Fh,0A0h-0EFh,0120h-016Fh -ASFR0=00h-01Fh -ASFR1=080h-09Fh \
  -ASFR2=0100h-011Fh -ASFR3=0180h-01EFh -ACONFIG=02007h-02007h -DCONFIG=2 \
  -AIDLOC=02000h-02003h -DIDLOC=2 -AEEDATA=00h-0FFh/02100h \
  -peeprom_data=EEDATA -DEEDATA=2 -DCODE=2 -DSTRCODE=2 -DSTRING=2 -DCONST=2 \
  -DENTRY=2 -preset_vec=00h,intentry=04h,init,end_init -ppowerup=CODE \
  -pcinit=CODE -pfunctab=ENTRY -k \
  C:\Users\ILLYAB~1\AppData\Local\Temp\s7nkxg.o \
  dist/PIC16F688/production\Menu_prototype.X.production.o 

Object code version is 3.11

Machine type is 16F688



                Name                               Link     Load   Length Selector   Space Scale
C:\Users\ILLYAB~1\AppData\Local\Temp\s7nkxg.o
                end_init                              B        B        2        8       0
                reset_vec                             0        0        2        0       0
                config                             2007     2007        1        0       4
dist/PIC16F688/production\Menu_prototype.X.production.o
                cinit                                 D        D       25        8       0
                intentry                              4        4        7        8       0
                config                             2007     2007        1        0       4
                text20                              5D7      5D7        7      AA6       0
                text19                              5BB      5BB       10      AA6       0
                text18                              4DD      4DD       22        8       0
                text17                              494      494       25        8       0
                text16                              4FF      4FF       21        8       0
                text15                              5CB      5CB        C      AA6       0
                text14                              520      520       1D        8       0
                text13                              401      401       36        8       0
                text12                              595      595       15      AA6       0
                text11                              437      437       32        8       0
                text10                              279      279       85        8       0
                text9                               2FE      2FE       47        8       0
                text8                               4B9      4B9       24        8       0
                text7                               57F      57F       16      AA6       0
                text6                               569      569       16      AA6       0
                text5                               345      345       44        8       0
                text4                               3C5      3C5       3C        8       0
                text3                                32       32       DA        8       0
                text2                               1DD      1DD       9C        8       0
                text1                               553      553       16      AA6       0
                maintext                            10C      10C       D1        8       0
                cstackBANK0                          4B       4B       20       20       1
                cstackCOMMON                         70       70        A       70       1
                inittext                            5AA      5AA       11      AA6       0
                dataBANK1                            A0       A0       3C       A0       1
                dataBANK0                            20       20       2B       20       1
                bssBANK0                             6B       6B        3       20       1
                dataCOMMON                           7A       7A        2       70       1
                strings                             53D      53D       16      A7A       0
                idataBANK1                          389      389       3C        8       0
                idataBANK0                          469      469       2B        8       0
                idataCOMMON                         5DE      5DE        2      AA6       0

TOTAL           Name                               Link     Load   Length     Space
        CLASS   STACK          

        CLASS   CODE           
                end_init                              B        B        2         0
                cinit                                 D        D       25         0
                intentry                              4        4        7         0
                reset_vec                             0        0        2         0
                text20                              5D7      5D7        7         0
                text19                              5BB      5BB       10         0
                text18                              4DD      4DD       22         0
                text17                              494      494       25         0
                text16                              4FF      4FF       21         0
                text15                              5CB      5CB        C         0
                text14                              520      520       1D         0
                text13                              401      401       36         0
                text12                              595      595       15         0
                text11                              437      437       32         0
                text10                              279      279       85         0
                text9                               2FE      2FE       47         0
                text8                               4B9      4B9       24         0
                text7                               57F      57F       16         0
                text6                               569      569       16         0
                text5                               345      345       44         0
                text4                               3C5      3C5       3C         0
                text3                                32       32       DA         0
                text2                               1DD      1DD       9C         0
                text1                               553      553       16         0
                maintext                            10C      10C       D1         0
                inittext                            5AA      5AA       11         0
                idataBANK1                          389      389       3C         0
                idataBANK0                          469      469       2B         0
                idataCOMMON                         5DE      5DE        2         0

        CLASS   STRCODE        

        CLASS   STRING         
                strings                             53D      53D       16         0

        CLASS   CONST          

        CLASS   ENTRY          

        CLASS   COMMON         
                cstackCOMMON                         70       70        A         1
                dataCOMMON                           7A       7A        2         1

        CLASS   BANK0          
                cstackBANK0                          4B       4B       20         1
                dataBANK0                            20       20       2B         1
                bssBANK0                             6B       6B        3         1

        CLASS   BANK1          
                dataBANK1                            A0       A0       3C         1

        CLASS   BANK2          

        CLASS   RAM            

        CLASS   ABS1           
                abs_s1                               7E       7E        2         1

        CLASS   SFR0           

        CLASS   SFR1           

        CLASS   SFR2           

        CLASS   SFR3           

        CLASS   CONFIG         
                config                             2007     2007        1         4

        CLASS   IDLOC          

        CLASS   EEDATA         

        CLASS   BANK3          



SEGMENTS        Name                           Load    Length   Top    Selector   Space  Class     Delta

                reset_vec                      000000  000002  000002         0       0  CODE        2
                intentry                       000004  000539  00053D         8       0  CODE        2
                dataBANK0                      000020  00004E  00006E        20       1  BANK0       1
                cstackCOMMON                   000070  00000C  00007C        70       1  COMMON      1
                dataBANK1                      0000A0  00003C  0000DC        A0       1  BANK1       1
                strings                        00053D  000016  000553       A7A       0  STRING      2
                text1                          000553  00008D  0005E0       AA6       0  CODE        2


UNUSED ADDRESS RANGES

        Name                Unused          Largest block    Delta
        BANK0            006E-006F              2           1
        BANK1            00DC-00EF             14           1
        BANK2            0120-016F             50           1
        CODE             0002-0003              2           2
                         05E0-0FFF            220
        COMMON           007C-007D              2           1
        CONST            0002-0003              2           2
                         05E0-0FFF            100
        EEDATA           2100-21FF            100           2
        ENTRY            0002-0003              2           2
                         05E0-0FFF            100
        IDLOC            2000-2003              4           2
        RAM              006E-006F              2           1
                         00DC-00EF             14
                         0120-016F             50
        SFR0             0000-001F             20           1
        SFR1             0080-009F             20           1
        SFR2             0100-011F             20           1
        SFR3             0180-01EF             70           1
        STACK            0120-016F             50           1
        STRCODE          0002-0003              2           2
                         05E0-0FFF            A20
        STRING           0002-0003              2           2
                         05E0-0FFF            100

                                  Symbol Table

?___lwdiv                       cstackCOMMON 0072
?___lwmod                       cstackBANK0  004B
?_sprintf                       cstackBANK0  0051
Draw_settings_display@ctr       cstackBANK0  004D
LCD_display_clear@i             cstackCOMMON 0079
LCD_display_ctrl@blink          cstackCOMMON 0075
LCD_display_ctrl@cursor         cstackCOMMON 0074
LCD_display_ctrl@display        cstackCOMMON 0077
LCD_display_ctrl@temp           cstackCOMMON 0078
LCD_send_string@i               cstackBANK0  004B
LCD_send_string@string          cstackBANK0  004C
LCD_set_cursor@column           cstackCOMMON 0074
LCD_set_cursor@row              cstackCOMMON 0077
LCD_set_cursor@temp             cstackCOMMON 0076
_ANSEL                          (abs)        0091
_CMCON0                         (abs)        0019
_Draw_main_display_p1           text13       0401
_Draw_main_display_p2           text11       0437
_Draw_settings_display          text10       0279
_LCD_Init                       text9        02FE
_LCD_display_clear              text12       0595
_LCD_display_ctrl               text8        04B9
_LCD_send_string                text16       04FF
_LCD_set_cursor                 text14       0520
_PORTA                          (abs)        0005
_PORTAbits                      (abs)        0005
_PORTC                          (abs)        0007
_RA2                            (abs)        002A
_RA5                            (abs)        002D
_RC0                            (abs)        0038
_RC1                            (abs)        0039
_RC2                            (abs)        003A
_RC3                            (abs)        003B
_RC4                            (abs)        003C
_RC5                            (abs)        003D
_T1CON                          (abs)        0010
_T1CONbits                      (abs)        0010
_TMR1H                          (abs)        000F
_TMR1IF                         (abs)        0060
_TMR1L                          (abs)        000E
_TMR1ON                         (abs)        0080
_TRISA                          (abs)        0085
_TRISC                          (abs)        0087
__Habs1                         abs1         0000
__Hbank0                        bank0        0000
__Hbank1                        bank1        0000
__Hbank2                        bank2        0000
__Hbank3                        bank3        0000
__HbssBANK0                     bssBANK0     0000
__Hcinit                        cinit        0032
__Hclrtext                      clrtext      0000
__Hcode                         code         0000
__Hcommon                       common       0000
__Hconfig                       config       2008
__HcstackBANK0                  cstackBANK0  0000
__HcstackCOMMON                 cstackCOMMON 0000
__HdataBANK0                    dataBANK0    0000
__HdataBANK1                    dataBANK1    0000
__HdataCOMMON                   dataCOMMON   0000
__Heeprom_data                  eeprom_data  0000
__Hend_init                     end_init     000D
__Hfunctab                      functab      0000
__HidataBANK0                   idataBANK0   0000
__HidataBANK1                   idataBANK1   0000
__HidataCOMMON                  idataCOMMON  0000
__Hinit                         init         000B
__Hinittext                     inittext     0000
__Hintentry                     intentry     000B
__Hmaintext                     maintext     0000
__Hpowerup                      powerup      0000
__Hram                          ram          0000
__Hreset_vec                    reset_vec    0002
__Hsfr0                         sfr0         0000
__Hsfr1                         sfr1         0000
__Hsfr2                         sfr2         0000
__Hsfr3                         sfr3         0000
__Hspace_0                      (abs)        05E0
__Hspace_1                      (abs)        00DC
__Hspace_2                      (abs)        0000
__Hspace_3                      (abs)        0000
__Hspace_4                      (abs)        400F
__Hstack                        stack        0000
__Hstrings                      strings      0000
__Htext                         text         0000
__Labs1                         abs1         0000
__Lbank0                        bank0        0000
__Lbank1                        bank1        0000
__Lbank2                        bank2        0000
__Lbank3                        bank3        0000
__LbssBANK0                     bssBANK0     0000
__Lcinit                        cinit        000D
__Lclrtext                      clrtext      0000
__Lcode                         code         0000
__Lcommon                       common       0000
__Lconfig                       config       0000
__LcstackBANK0                  cstackBANK0  0000
__LcstackCOMMON                 cstackCOMMON 0000
__LdataBANK0                    dataBANK0    0000
__LdataBANK1                    dataBANK1    0000
__LdataCOMMON                   dataCOMMON   0000
__Leeprom_data                  eeprom_data  0000
__Lend_init                     end_init     000B
__Lfunctab                      functab      0000
__LidataBANK0                   idataBANK0   0000
__LidataBANK1                   idataBANK1   0000
__LidataCOMMON                  idataCOMMON  0000
__Linit                         init         000B
__Linittext                     inittext     0000
__Lintentry                     intentry     0004
__Lmaintext                     maintext     0000
__Lpowerup                      powerup      0000
__Lram                          ram          0000
__Lreset_vec                    reset_vec    0000
__Lsfr0                         sfr0         0000
__Lsfr1                         sfr1         0000
__Lsfr2                         sfr2         0000
__Lsfr3                         sfr3         0000
__Lspace_0                      (abs)        0000
__Lspace_1                      (abs)        0000
__Lspace_2                      (abs)        0000
__Lspace_3                      (abs)        0000
__Lspace_4                      (abs)        0000
__Lstack                        stack        0000
__Lstrings                      strings      0000
__Ltext                         text         0000
__S0                            (abs)        05E0
__S1                            (abs)        00DC
__S2                            (abs)        0000
__S3                            (abs)        0000
___int_sp                       stack        0000
___latbits                      (abs)        0001
___lcd_cmd                      text15       05CB
___lcd_cmd@cmd                  cstackCOMMON 0073
___lcd_en_pulse                 text19       05BB
___lcd_port_write               text18       04DD
___lcd_port_write@data          cstackCOMMON 0072
___lcd_send_char                text17       0494
___lcd_send_char@ascii          cstackCOMMON 0077
___lcd_send_char@high           cstackCOMMON 0075
___lcd_send_char@low            cstackCOMMON 0076
___lwdiv                        text5        0345
___lwdiv@counter                cstackCOMMON 0079
___lwdiv@dividend               cstackCOMMON 0074
___lwdiv@divisor                cstackCOMMON 0072
___lwdiv@quotient               cstackCOMMON 0077
___lwmod                        text4        03C5
___lwmod@counter                cstackBANK0  0050
___lwmod@dividend               cstackBANK0  004D
___lwmod@divisor                cstackBANK0  004B
___sp                           stack        0000
___stackhi                      (abs)        0000
___stacklo                      (abs)        0000
__end_of_Draw_main_display_p1   text13       0437
__end_of_Draw_main_display_p2   text11       0469
__end_of_Draw_settings_display  text10       02FE
__end_of_LCD_Init               text9        0345
__end_of_LCD_display_clear      text12       05AA
__end_of_LCD_display_ctrl       text8        04DD
__end_of_LCD_send_string        text16       0520
__end_of_LCD_set_cursor         text14       053D
__end_of___lcd_cmd              text15       05D7
__end_of___lcd_en_pulse         text19       05CB
__end_of___lcd_port_write       text18       04FF
__end_of___lcd_send_char        text17       04B9
__end_of___lwdiv                text5        0389
__end_of___lwmod                text4        0401
__end_of__initialization        cinit        002F
__end_of__stringtab             strings      0543
__end_of_dpowers                strings      054D
__end_of_isr                    text20       05DE
__end_of_main                   maintext     01DD
__end_of_set_date               text7        0595
__end_of_set_humi               text6        057F
__end_of_set_temp               text2        0279
__end_of_set_time               text1        0569
__end_of_sprintf                text3        010C
__initialization                cinit        000D
__pbssBANK0                     bssBANK0     006B
__pcstackBANK0                  cstackBANK0  004B
__pcstackCOMMON                 cstackCOMMON 0070
__pdataBANK0                    dataBANK0    0020
__pdataBANK1                    dataBANK1    00A0
__pdataCOMMON                   dataCOMMON   007A
__pidataBANK0                   idataBANK0   0469
__pidataBANK1                   idataBANK1   0389
__pidataCOMMON                  idataCOMMON  05DE
__pintentry                     intentry     0004
__pmaintext                     maintext     010C
__pstrings                      strings      053D
__ptext1                        text1        0553
__ptext10                       text10       0279
__ptext11                       text11       0437
__ptext12                       text12       0595
__ptext13                       text13       0401
__ptext14                       text14       0520
__ptext15                       text15       05CB
__ptext16                       text16       04FF
__ptext17                       text17       0494
__ptext18                       text18       04DD
__ptext19                       text19       05BB
__ptext2                        text2        01DD
__ptext20                       text20       05D7
__ptext3                        text3        0032
__ptext4                        text4        03C5
__ptext5                        text5        0345
__ptext6                        text6        0569
__ptext7                        text7        057F
__ptext8                        text8        04B9
__ptext9                        text9        02FE
__size_of_Draw_main_display_p1  (abs)        0000
__size_of_Draw_main_display_p2  (abs)        0000
__size_of_Draw_settings_display (abs)        0000
__size_of_LCD_Init              (abs)        0000
__size_of_LCD_display_clear     (abs)        0000
__size_of_LCD_display_ctrl      (abs)        0000
__size_of_LCD_send_string       (abs)        0000
__size_of_LCD_set_cursor        (abs)        0000
__size_of___lcd_cmd             (abs)        0000
__size_of___lcd_en_pulse        (abs)        0000
__size_of___lcd_port_write      (abs)        0000
__size_of___lcd_send_char       (abs)        0000
__size_of___lwdiv               (abs)        0000
__size_of___lwmod               (abs)        0000
__size_of_isr                   (abs)        0000
__size_of_main                  (abs)        0000
__size_of_set_date              (abs)        0000
__size_of_set_humi              (abs)        0000
__size_of_set_temp              (abs)        0000
__size_of_set_time              (abs)        0000
__size_of_sprintf               (abs)        0000
__stringbase                    strings      0542
__stringtab                     strings      053D
_counter                        bssBANK0     006B
_current_humi                   dataBANK0    0047
_current_temp                   dataBANK1    00D7
_date                           dataBANK1    00BD
_dpowers                        strings      0543
_isr                            text20       05D7
_l_date                         dataBANK0    002F
_l_humi                         dataBANK0    0025
_l_temp                         dataBANK0    002A
_l_time                         dataBANK0    0034
_main                           maintext     010C
_s_currentCLK                   bssBANK0     006D
_s_date                         dataBANK0    0039
_s_end                          dataBANK1    00A0
_s_humi                         dataBANK1    00C6
_s_lastCLK                      bssBANK0     006C
_s_temp                         dataBANK1    00B1
_s_time                         dataBANK0    003E
_set_date                       text7        057F
_set_humi                       text6        0569
_set_temp                       text2        01DD
_set_time                       text1        0553
_sprintf                        text3        0032
_time                           dataBANK1    00CF
_update_humi                    dataBANK0    0043
_update_temp                    dataBANK0    0020
btemp                           (abs)        007E
end_of_initialization           cinit        002F
init_fetch0                     inittext     05AA
init_ram0                       inittext     05AE
interrupt_function              intentry     0004
intlevel0                       functab      0000
intlevel1                       functab      0000
intlevel2                       functab      0000
intlevel3                       functab      0000
intlevel4                       functab      0000
intlevel5                       functab      0000
main@currentCLK                 cstackBANK0  006A
main@lastCLK                    cstackBANK0  0069
reset_vec                       reset_vec    0000
saved_w                         (abs)        007E
set_temp@temp_decimal           cstackBANK0  0066
set_temp@temp_integer           cstackBANK0  0065
sprintf@ap                      cstackBANK0  0059
sprintf@c                       cstackBANK0  005F
sprintf@f                       cstackBANK0  0051
sprintf@flag                    cstackBANK0  005A
sprintf@prec                    cstackBANK0  005B
sprintf@sp                      cstackBANK0  005E
sprintf@val                     cstackBANK0  005C
start                           init         000B
start_initialization            cinit        000D
wtemp0                          (abs)        007E


FUNCTION INFORMATION:

 *************** function _main *****************
 Defined at:
		line 395 in file "main.c"
 Parameters:    Size  Location     Type
		None
 Auto vars:     Size  Location     Type
  currentCLK      1   31[BANK0 ] unsigned char 
  lastCLK         1   30[BANK0 ] unsigned char 
 Return value:  Size  Location     Type
                  1    wreg      void 
 Registers used:
		wreg, fsr0l, fsr0h, status,2, status,0, btemp+1, pclath, cstack
 Tracked objects:
		On entry : 
		On exit  : 
		Unchanged: 
 Data sizes:     COMMON   BANK0   BANK1   BANK2
      Params:         0       0       0       0
      Locals:         0       2       0       0
      Temps:          0       2       0       0
      Totals:         0       4       0       0
Total ram usage:        4 bytes
 Hardware stack levels required when called:    6
 This function calls:
		_Draw_main_display_p1
		_Draw_main_display_p2
		_Draw_settings_display
		_LCD_Init
		_LCD_display_clear
		_LCD_display_ctrl
		_set_date
		_set_humi
		_set_temp
		_set_time
 This function is called by:
		Startup code after reset
 This function uses a non-reentrant model


 *************** function _set_time *****************
 Defined at:
		line 360 in file "main.c"
 Parameters:    Size  Location     Type
		None
 Auto vars:     Size  Location     Type
		None
 Return value:  Size  Location     Type
                  1    wreg      void 
 Registers used:
		wreg, status,2, status,0
 Tracked objects:
		On entry : 
		On exit  : 
		Unchanged: 
 Data sizes:     COMMON   BANK0   BANK1   BANK2
      Params:         0       0       0       0
      Locals:         0       0       0       0
      Temps:          1       0       0       0
      Totals:         1       0       0       0
Total ram usage:        1 bytes
 Hardware stack levels used:    1
 Hardware stack levels required when called:    1
 This function calls:
		Nothing
 This function is called by:
		_main
 This function uses a non-reentrant model


 *************** function _set_temp *****************
 Defined at:
		line 285 in file "main.c"
 Parameters:    Size  Location     Type
		None
 Auto vars:     Size  Location     Type
  temp_decimal    1   27[BANK0 ] unsigned char 
  temp_integer    1   26[BANK0 ] unsigned char 
 Return value:  Size  Location     Type
                  1    wreg      void 
 Registers used:
		wreg, fsr0l, fsr0h, status,2, status,0, btemp+1, pclath, cstack
 Tracked objects:
		On entry : 
		On exit  : 
		Unchanged: 
 Data sizes:     COMMON   BANK0   BANK1   BANK2
      Params:         0       0       0       0
      Locals:         0       2       0       0
      Temps:          0       5       0       0
      Totals:         0       7       0       0
Total ram usage:        7 bytes
 Hardware stack levels used:    1
 Hardware stack levels required when called:    5
 This function calls:
		_LCD_display_clear
		_LCD_send_string
		_LCD_set_cursor
		_sprintf
 This function is called by:
		_main
 This function uses a non-reentrant model


 *************** function _sprintf *****************
 Defined at:
		line 505 in file "C:\Program Files\Microchip\xc8\v2.30\pic\sources\c90\common\doprnt.c"
 Parameters:    Size  Location     Type
  sp              1    wreg     PTR unsigned char 
		 -> update_temp(5), 
  f               1    6[BANK0 ] PTR const unsigned char 
		 -> STR_1(6), 
 Auto vars:     Size  Location     Type
  sp              1   19[BANK0 ] PTR unsigned char 
		 -> update_temp(5), 
  tmpval          4    0        struct .
  val             2   17[BANK0 ] unsigned int 
  cp              2    0        PTR const unsigned char 
  len             2    0        unsigned int 
  c               1   20[BANK0 ] unsigned char 
  prec            1   16[BANK0 ] char 
  flag            1   15[BANK0 ] unsigned char 
  ap              1   14[BANK0 ] PTR void [1]
		 -> ?_sprintf(2), 
 Return value:  Size  Location     Type
                  2    6[BANK0 ] int 
 Registers used:
		wreg, fsr0l, fsr0h, status,2, status,0, btemp+1, pclath, cstack
 Tracked objects:
		On entry : 
		On exit  : 
		Unchanged: 
 Data sizes:     COMMON   BANK0   BANK1   BANK2
      Params:         0       5       0       0
      Locals:         0       7       0       0
      Temps:          0       3       0       0
      Totals:         0      15       0       0
Total ram usage:       15 bytes
 Hardware stack levels used:    1
 Hardware stack levels required when called:    2
 This function calls:
		___lwdiv
		___lwmod
 This function is called by:
		_set_temp
 This function uses a non-reentrant model


 *************** function ___lwmod *****************
 Defined at:
		line 5 in file "C:\Program Files\Microchip\xc8\v2.30\pic\sources\c90\common\lwmod.c"
 Parameters:    Size  Location     Type
  divisor         2    0[BANK0 ] unsigned int 
  dividend        2    2[BANK0 ] unsigned int 
 Auto vars:     Size  Location     Type
  counter         1    5[BANK0 ] unsigned char 
 Return value:  Size  Location     Type
                  2    0[BANK0 ] unsigned int 
 Registers used:
		wreg, status,2, status,0
 Tracked objects:
		On entry : 
		On exit  : 
		Unchanged: 
 Data sizes:     COMMON   BANK0   BANK1   BANK2
      Params:         0       4       0       0
      Locals:         0       1       0       0
      Temps:          0       1       0       0
      Totals:         0       6       0       0
Total ram usage:        6 bytes
 Hardware stack levels used:    1
 Hardware stack levels required when called:    1
 This function calls:
		Nothing
 This function is called by:
		_sprintf
 This function uses a non-reentrant model


 *************** function ___lwdiv *****************
 Defined at:
		line 5 in file "C:\Program Files\Microchip\xc8\v2.30\pic\sources\c90\common\lwdiv.c"
 Parameters:    Size  Location     Type
  divisor         2    2[COMMON] unsigned int 
  dividend        2    4[COMMON] unsigned int 
 Auto vars:     Size  Location     Type
  quotient        2    7[COMMON] unsigned int 
  counter         1    9[COMMON] unsigned char 
 Return value:  Size  Location     Type
                  2    2[COMMON] unsigned int 
 Registers used:
		wreg, status,2, status,0
 Tracked objects:
		On entry : 
		On exit  : 
		Unchanged: 
 Data sizes:     COMMON   BANK0   BANK1   BANK2
      Params:         4       0       0       0
      Locals:         3       0       0       0
      Temps:          1       0       0       0
      Totals:         8       0       0       0
Total ram usage:        8 bytes
 Hardware stack levels used:    1
 Hardware stack levels required when called:    1
 This function calls:
		Nothing
 This function is called by:
		_sprintf
 This function uses a non-reentrant model


 *************** function _set_humi *****************
 Defined at:
		line 343 in file "main.c"
 Parameters:    Size  Location     Type
		None
 Auto vars:     Size  Location     Type
		None
 Return value:  Size  Location     Type
                  1    wreg      void 
 Registers used:
		wreg, status,2, status,0
 Tracked objects:
		On entry : 
		On exit  : 
		Unchanged: 
 Data sizes:     COMMON   BANK0   BANK1   BANK2
      Params:         0       0       0       0
      Locals:         0       0       0       0
      Temps:          1       0       0       0
      Totals:         1       0       0       0
Total ram usage:        1 bytes
 Hardware stack levels used:    1
 Hardware stack levels required when called:    1
 This function calls:
		Nothing
 This function is called by:
		_main
 This function uses a non-reentrant model


 *************** function _set_date *****************
 Defined at:
		line 377 in file "main.c"
 Parameters:    Size  Location     Type
		None
 Auto vars:     Size  Location     Type
		None
 Return value:  Size  Location     Type
                  1    wreg      void 
 Registers used:
		wreg, status,2, status,0
 Tracked objects:
		On entry : 
		On exit  : 
		Unchanged: 
 Data sizes:     COMMON   BANK0   BANK1   BANK2
      Params:         0       0       0       0
      Locals:         0       0       0       0
      Temps:          1       0       0       0
      Totals:         1       0       0       0
Total ram usage:        1 bytes
 Hardware stack levels used:    1
 Hardware stack levels required when called:    1
 This function calls:
		Nothing
 This function is called by:
		_main
 This function uses a non-reentrant model


 *************** function _LCD_display_ctrl *****************
 Defined at:
		line 99 in file "main.c"
 Parameters:    Size  Location     Type
  display         1    wreg     unsigned char 
  cursor          1    4[COMMON] unsigned char 
  blink           1    5[COMMON] unsigned char 
 Auto vars:     Size  Location     Type
  display         1    7[COMMON] unsigned char 
  temp            1    8[COMMON] unsigned char 
 Return value:  Size  Location     Type
                  1    wreg      void 
 Registers used:
		wreg, status,2, status,0, pclath, cstack
 Tracked objects:
		On entry : 
		On exit  : 
		Unchanged: 
 Data sizes:     COMMON   BANK0   BANK1   BANK2
      Params:         2       0       0       0
      Locals:         2       0       0       0
      Temps:          1       0       0       0
      Totals:         5       0       0       0
Total ram usage:        5 bytes
 Hardware stack levels used:    1
 Hardware stack levels required when called:    3
 This function calls:
		___lcd_cmd
 This function is called by:
		_main
 This function uses a non-reentrant model


 *************** function _LCD_Init *****************
 Defined at:
		line 158 in file "main.c"
 Parameters:    Size  Location     Type
		None
 Auto vars:     Size  Location     Type
		None
 Return value:  Size  Location     Type
                  1    wreg      void 
 Registers used:
		wreg, status,2, status,0, pclath, cstack
 Tracked objects:
		On entry : 
		On exit  : 
		Unchanged: 
 Data sizes:     COMMON   BANK0   BANK1   BANK2
      Params:         0       0       0       0
      Locals:         0       0       0       0
      Temps:          2       0       0       0
      Totals:         2       0       0       0
Total ram usage:        2 bytes
 Hardware stack levels used:    1
 Hardware stack levels required when called:    3
 This function calls:
		___lcd_cmd
 This function is called by:
		_main
 This function uses a non-reentrant model


 *************** function _Draw_settings_display *****************
 Defined at:
		line 245 in file "main.c"
 Parameters:    Size  Location     Type
  ctr             2    2[BANK0 ] int 
 Auto vars:     Size  Location     Type
		None
 Return value:  Size  Location     Type
                  1    wreg      void 
 Registers used:
		wreg, fsr0l, fsr0h, status,2, status,0, pclath, cstack
 Tracked objects:
		On entry : 
		On exit  : 
		Unchanged: 
 Data sizes:     COMMON   BANK0   BANK1   BANK2
      Params:         0       2       0       0
      Locals:         0       0       0       0
      Temps:          0       0       0       0
      Totals:         0       2       0       0
Total ram usage:        2 bytes
 Hardware stack levels used:    1
 Hardware stack levels required when called:    5
 This function calls:
		_LCD_display_clear
		_LCD_send_string
		_LCD_set_cursor
		___lcd_send_char
 This function is called by:
		_main
 This function uses a non-reentrant model


 *************** function _Draw_main_display_p2 *****************
 Defined at:
		line 233 in file "main.c"
 Parameters:    Size  Location     Type
		None
 Auto vars:     Size  Location     Type
		None
 Return value:  Size  Location     Type
                  1    wreg      void 
 Registers used:
		wreg, fsr0l, fsr0h, status,2, status,0, pclath, cstack
 Tracked objects:
		On entry : 
		On exit  : 
		Unchanged: 
 Data sizes:     COMMON   BANK0   BANK1   BANK2
      Params:         0       0       0       0
      Locals:         0       0       0       0
      Temps:          0       1       0       0
      Totals:         0       1       0       0
Total ram usage:        1 bytes
 Hardware stack levels used:    1
 Hardware stack levels required when called:    5
 This function calls:
		_LCD_display_clear
		_LCD_send_string
		_LCD_set_cursor
 This function is called by:
		_main
 This function uses a non-reentrant model


 *************** function _LCD_display_clear *****************
 Defined at:
		line 149 in file "main.c"
 Parameters:    Size  Location     Type
		None
 Auto vars:     Size  Location     Type
  i               1    9[COMMON] unsigned char 
 Return value:  Size  Location     Type
                  1    wreg      void 
 Registers used:
		wreg, status,2, status,0, pclath, cstack
 Tracked objects:
		On entry : 
		On exit  : 
		Unchanged: 
 Data sizes:     COMMON   BANK0   BANK1   BANK2
      Params:         0       0       0       0
      Locals:         1       0       0       0
      Temps:          1       0       0       0
      Totals:         2       0       0       0
Total ram usage:        2 bytes
 Hardware stack levels used:    1
 Hardware stack levels required when called:    4
 This function calls:
		_LCD_set_cursor
		___lcd_send_char
 This function is called by:
		_Draw_main_display_p2
		_Draw_settings_display
		_set_temp
		_main
 This function uses a non-reentrant model


 *************** function _Draw_main_display_p1 *****************
 Defined at:
		line 218 in file "main.c"
 Parameters:    Size  Location     Type
		None
 Auto vars:     Size  Location     Type
		None
 Return value:  Size  Location     Type
                  1    wreg      void 
 Registers used:
		wreg, fsr0l, fsr0h, status,2, status,0, pclath, cstack
 Tracked objects:
		On entry : 
		On exit  : 
		Unchanged: 
 Data sizes:     COMMON   BANK0   BANK1   BANK2
      Params:         0       0       0       0
      Locals:         0       0       0       0
      Temps:          1       0       0       0
      Totals:         1       0       0       0
Total ram usage:        1 bytes
 Hardware stack levels used:    1
 Hardware stack levels required when called:    4
 This function calls:
		_LCD_send_string
		_LCD_set_cursor
		___lcd_send_char
 This function is called by:
		_main
 This function uses a non-reentrant model


 *************** function _LCD_set_cursor *****************
 Defined at:
		line 136 in file "main.c"
 Parameters:    Size  Location     Type
  row             1    wreg     unsigned char 
  column          1    4[COMMON] unsigned char 
 Auto vars:     Size  Location     Type
  row             1    7[COMMON] unsigned char 
  temp            1    6[COMMON] unsigned char 
 Return value:  Size  Location     Type
                  1    wreg      void 
 Registers used:
		wreg, status,2, status,0, pclath, cstack
 Tracked objects:
		On entry : 
		On exit  : 
		Unchanged: 
 Data sizes:     COMMON   BANK0   BANK1   BANK2
      Params:         1       0       0       0
      Locals:         2       0       0       0
      Temps:          1       0       0       0
      Totals:         4       0       0       0
Total ram usage:        4 bytes
 Hardware stack levels used:    1
 Hardware stack levels required when called:    3
 This function calls:
		___lcd_cmd
 This function is called by:
		_LCD_display_clear
		_Draw_main_display_p1
		_Draw_main_display_p2
		_Draw_settings_display
		_set_temp
 This function uses a non-reentrant model


 *************** function ___lcd_cmd *****************
 Defined at:
		line 70 in file "main.c"
 Parameters:    Size  Location     Type
  cmd             1    wreg     unsigned char 
 Auto vars:     Size  Location     Type
  cmd             1    3[COMMON] unsigned char 
 Return value:  Size  Location     Type
                  1    wreg      void 
 Registers used:
		wreg, status,2, status,0, pclath, cstack
 Tracked objects:
		On entry : 
		On exit  : 
		Unchanged: 
 Data sizes:     COMMON   BANK0   BANK1   BANK2
      Params:         0       0       0       0
      Locals:         1       0       0       0
      Temps:          0       0       0       0
      Totals:         1       0       0       0
Total ram usage:        1 bytes
 Hardware stack levels used:    1
 Hardware stack levels required when called:    2
 This function calls:
		___lcd_en_pulse
		___lcd_port_write
 This function is called by:
		_LCD_display_ctrl
		_LCD_set_cursor
		_LCD_Init
		___lcd_shift_display
 This function uses a non-reentrant model


 *************** function _LCD_send_string *****************
 Defined at:
		line 91 in file "main.c"
 Parameters:    Size  Location     Type
  string          1    wreg     PTR unsigned char 
		 -> s_end(17), s_humi(9), s_temp(12), s_date(5), 
		 -> s_time(5), date(9), l_date(5), time(8), 
		 -> l_time(5), update_humi(4), current_humi(4), l_humi(5), 
		 -> update_temp(5), current_temp(5), l_temp(5), 
 Auto vars:     Size  Location     Type
  string          1    1[BANK0 ] PTR unsigned char 
		 -> s_end(17), s_humi(9), s_temp(12), s_date(5), 
		 -> s_time(5), date(9), l_date(5), time(8), 
		 -> l_time(5), update_humi(4), current_humi(4), l_humi(5), 
		 -> update_temp(5), current_temp(5), l_temp(5), 
  i               1    0[BANK0 ] unsigned char 
 Return value:  Size  Location     Type
                  1    wreg      void 
 Registers used:
		wreg, fsr0l, fsr0h, status,2, status,0, pclath, cstack
 Tracked objects:
		On entry : 
		On exit  : 
		Unchanged: 
 Data sizes:     COMMON   BANK0   BANK1   BANK2
      Params:         0       0       0       0
      Locals:         0       2       0       0
      Temps:          1       0       0       0
      Totals:         1       2       0       0
Total ram usage:        3 bytes
 Hardware stack levels used:    1
 Hardware stack levels required when called:    3
 This function calls:
		___lcd_send_char
 This function is called by:
		_Draw_main_display_p1
		_Draw_main_display_p2
		_Draw_settings_display
		_set_temp
 This function uses a non-reentrant model


 *************** function ___lcd_send_char *****************
 Defined at:
		line 77 in file "main.c"
 Parameters:    Size  Location     Type
  ascii           1    wreg     unsigned char 
 Auto vars:     Size  Location     Type
  ascii           1    7[COMMON] unsigned char 
  low             1    6[COMMON] unsigned char 
  high            1    5[COMMON] unsigned char 
 Return value:  Size  Location     Type
                  1    wreg      void 
 Registers used:
		wreg, status,2, status,0, pclath, cstack
 Tracked objects:
		On entry : 
		On exit  : 
		Unchanged: 
 Data sizes:     COMMON   BANK0   BANK1   BANK2
      Params:         0       0       0       0
      Locals:         3       0       0       0
      Temps:          2       0       0       0
      Totals:         5       0       0       0
Total ram usage:        5 bytes
 Hardware stack levels used:    1
 Hardware stack levels required when called:    2
 This function calls:
		___lcd_en_pulse
		___lcd_port_write
 This function is called by:
		_LCD_send_string
		_LCD_display_clear
		_Draw_main_display_p1
		_Draw_settings_display
 This function uses a non-reentrant model


 *************** function ___lcd_port_write *****************
 Defined at:
		line 48 in file "main.c"
 Parameters:    Size  Location     Type
  data            1    wreg     unsigned char 
 Auto vars:     Size  Location     Type
  data            1    2[COMMON] unsigned char 
 Return value:  Size  Location     Type
                  1    wreg      void 
 Registers used:
		wreg
 Tracked objects:
		On entry : 
		On exit  : 
		Unchanged: 
 Data sizes:     COMMON   BANK0   BANK1   BANK2
      Params:         0       0       0       0
      Locals:         1       0       0       0
      Temps:          0       0       0       0
      Totals:         1       0       0       0
Total ram usage:        1 bytes
 Hardware stack levels used:    1
 Hardware stack levels required when called:    1
 This function calls:
		Nothing
 This function is called by:
		___lcd_cmd
		___lcd_send_char
 This function uses a non-reentrant model


 *************** function ___lcd_en_pulse *****************
 Defined at:
		line 41 in file "main.c"
 Parameters:    Size  Location     Type
		None
 Auto vars:     Size  Location     Type
		None
 Return value:  Size  Location     Type
                  1    wreg      void 
 Registers used:
		wreg
 Tracked objects:
		On entry : 
		On exit  : 
		Unchanged: 
 Data sizes:     COMMON   BANK0   BANK1   BANK2
      Params:         0       0       0       0
      Locals:         0       0       0       0
      Temps:          1       0       0       0
      Totals:         1       0       0       0
Total ram usage:        1 bytes
 Hardware stack levels used:    1
 Hardware stack levels required when called:    1
 This function calls:
		Nothing
 This function is called by:
		___lcd_cmd
		___lcd_send_char
 This function uses a non-reentrant model


 *************** function _isr *****************
 Defined at:
		line 23 in file "interrupts.c"
 Parameters:    Size  Location     Type
		None
 Auto vars:     Size  Location     Type
		None
 Return value:  Size  Location     Type
                  1    wreg      void 
 Registers used:
		None
 Tracked objects:
		On entry : 
		On exit  : 
		Unchanged: 
 Data sizes:     COMMON   BANK0   BANK1   BANK2
      Params:         0       0       0       0
      Locals:         0       0       0       0
      Temps:          2       0       0       0
      Totals:         2       0       0       0
Total ram usage:        2 bytes
 Hardware stack levels used:    1
 This function calls:
		Nothing
 This function is called by:
		Interrupt level 1
 This function uses a non-reentrant model



MODULE INFORMATION

Module		Function		Class		Link	Load	Size
C:\Program Files\Microchip\xc8\v2.30\pic\sources\c90\common\lwmod.c
		___lwmod       		CODE           	03C5	0000	60

C:\Program Files\Microchip\xc8\v2.30\pic\sources\c90\common\lwmod.c estimated size: 60

interrupts.c
		_isr           		CODE           	05D7	0000	7

interrupts.c estimated size: 7

C:\Program Files\Microchip\xc8\v2.30\pic\sources\c90\common\lwdiv.c
		___lwdiv       		CODE           	0345	0000	68

C:\Program Files\Microchip\xc8\v2.30\pic\sources\c90\common\lwdiv.c estimated size: 68

C:\Program Files\Microchip\xc8\v2.30\pic\sources\c90\common\doprnt.c
		_sprintf       		CODE           	0032	0000	218

C:\Program Files\Microchip\xc8\v2.30\pic\sources\c90\common\doprnt.c estimated size: 218

shared
		__stringtab    		STRING         	053D	0000	6
		_dpowers       		STRING         	0543	0000	10
		__initialization		CODE           	000D	0000	34

shared estimated size: 50

main.c
		_set_date      		CODE           	057F	0000	22
		_LCD_display_ctrl		CODE           	04B9	0000	36
		_LCD_set_cursor		CODE           	0520	0000	29
		_LCD_Init      		CODE           	02FE	0000	71
		_LCD_display_clear		CODE           	0595	0000	21
		_LCD_send_string		CODE           	04FF	0000	33
		___lcd_cmd     		CODE           	05CB	0000	12
		_main          		CODE           	010C	0000	209
		_set_temp      		CODE           	01DD	0000	156
		___lcd_port_write		CODE           	04DD	0000	34
		_Draw_settings_display		CODE           	0279	0000	133
		_set_time      		CODE           	0553	0000	22
		_Draw_main_display_p1		CODE           	0401	0000	54
		_set_humi      		CODE           	0569	0000	22
		_Draw_main_display_p2		CODE           	0437	0000	50
		___lcd_send_char		CODE           	0494	0000	37
		___lcd_en_pulse		CODE           	05BB	0000	16

main.c estimated size: 957

